HMC5883L.c:51:6:HMC5883L_initialize	8	static
HMC5883L.c:70:6:HMC5883L_testConnection	16	static
HMC5883L.c:86:9:HMC5883L_getSampleAveraging	16	static
HMC5883L.c:96:6:HMC5883L_setSampleAveraging	24	static
HMC5883L.c:122:9:HMC5883L_getDataRate	16	static
HMC5883L.c:134:6:HMC5883L_setDataRate	24	static
HMC5883L.c:144:9:HMC5883L_getMeasurementBias	16	static
HMC5883L.c:155:6:HMC5883L_setMeasurementBias	24	static
HMC5883L.c:184:9:HMC5883L_getGain	16	static
HMC5883L.c:195:6:HMC5883L_setGain	16	static
HMC5883L.c:226:9:HMC5883L_getMode	16	static
HMC5883L.c:240:6:HMC5883L_setMode	16	static
HMC5883L.c:261:6:HMC5883L_getHeading	32	static
HMC5883L.c:272:9:HMC5883L_getHeadingX	16	static
HMC5883L.c:283:9:HMC5883L_getHeadingY	16	static
HMC5883L.c:294:9:HMC5883L_getHeadingZ	16	static
HMC5883L.c:315:6:HMC5883L_getLockStatus	16	static
HMC5883L.c:329:6:HMC5883L_getReadyStatus	16	static
HMC5883L.c:339:9:HMC5883L_getIDA	8	static
HMC5883L.c:346:9:HMC5883L_getIDB	8	static
HMC5883L.c:353:9:HMC5883L_getIDC	8	static
