main.c:167:5:main	16	static
main.c:286:6:SystemClock_Config	88	static
main.c:331:13:MX_ADC1_Init	24	static
main.c:389:13:MX_I2C1_Init	8	static
main.c:423:13:MX_I2C3_Init	8	static
main.c:457:13:MX_TIM1_Init	32	static
main.c:506:13:MX_TIM2_Init	64	static
main.c:579:13:MX_TIM3_Init	48	static
main.c:641:13:MX_TIM4_Init	48	static
main.c:699:13:MX_TIM5_Init	48	static
main.c:757:13:MX_TIM6_Init	16	static
main.c:795:13:MX_TIM7_Init	16	static
main.c:833:13:MX_TIM9_Init	40	static
main.c:884:13:MX_TIM10_Init	8	static
main.c:915:13:MX_TIM12_Init	40	static
main.c:957:13:MX_USART1_UART_Init	8	static
main.c:990:13:MX_USART2_UART_Init	8	static
main.c:1023:13:MX_USART3_UART_Init	8	static
main.c:1054:13:MX_DMA_Init	16	static
main.c:1082:13:MX_GPIO_Init	56	static
main.c:1126:6:initPWM_DATA	24	static
main.c:1133:6:setPWM	8	static
main.c:1137:6:ESCInit	80	static
main.c:1200:6:BMPInit	104	static
main.c:1249:6:GPSInit	16	static
main.c:1262:6:CompassInit	16	static
main.c:1274:6:initmonitorBAT	16	static
main.c:1279:6:RemoteInit	16	static
main.c:1299:6:IMUInit	32	static
main.c:1339:6:getBMPAltitude	8	static
main.c:1353:6:getCompass	8	static
main.c:1375:6:getGPSLatLon	32	static
main.c:1446:6:getIMUData	32	static
main.c:1474:6:setPWM_DATA	16	static
main.c:1494:6:HAL_UART_RxCpltCallback	56	static
main.c:1549:6:HAL_TIM_IC_CaptureCallback	16	static
main.c:1581:6:HAL_TIM_PeriodElapsedCallback	40	static
main.c:1613:6:HAL_GPIO_EXTI_Callback	16	static
main.c:1630:6:HAL_ADC_ConvCpltCallback	24	static
main.c:1642:6:Error_Handler	4	static
